<html>
<body>
<pre>
<h1>礦ision Build Log</h1>
<h2>Tool Versions:</h2>
IDE-Version: μVision V5.14.0.0
Copyright (C) 2015 ARM Ltd and ARM Germany GmbH. All rights reserved.
License Information: liu chengfei, suntec, LIC=----
 
Tool Versions:
Toolchain:       MDK-Lite  Version: 5.14.0.0
Toolchain Path:  C:\Keil_v5\ARM\ARMCC\Bin
C Compiler:      Armcc.exe V5.05 update 1 (build 106)
Assembler:       Armasm.exe V5.05 update 1 (build 106)
Linker/Locator:  ArmLink.exe V5.05 update 1 (build 106)
Library Manager: ArmAr.exe V5.05 update 1 (build 106)
Hex Converter:   FromElf.exe V5.05 update 1 (build 106)
CPU DLL:         SARMCM3.DLL V5.14.0.0
Dialog DLL:      DCM.DLL V1.13.1.0
Target DLL:      STLink\ST-LINKIII-KEIL_SWO.dll V2.0.14.0_KEIL
Dialog DLL:      TCM.DLL V1.14.4.0
 
<h2>Project:</h2>
D:\0liuchengfeiWorkSpace\IFELSE\实验\库函数实验\LED1\Project\STM32L476RG-Nucleo\Keil5\LED1.uvprojx
Project File Date:  11/23/2016

<h2>Output:</h2>
Rebuild target 'LED1'
compiling Common.c...
compiling led.c...
compiling stm32l4xx_hal.c...
compiling stm32l4xx_hal_gpio.c...
compiling stm32l4xx_hal_rcc.c...
compiling stm32l4xx_hal_rcc_ex.c...
compiling stm32l4xx_hal_pwr.c...
compiling stm32l4xx_hal_pwr_ex.c...
compiling system_stm32l4xx.c...
compiling stm32l4xx_hal_cortex.c...
compiling main.c...
assembling startup_stm32l476xx.s...
compiling stm32l4xx_nucleo.c...
compiling stm32l4xx_it.c...
compiling stm32l476rg.c...
compiling clock.c...
linking...
.\Objects\LED1.axf: Warning: L6988W: Ignoring unknown patch sdcomp-29491-629360.
Program Size: Code=3956 RO-data=496 RW-data=8 ZI-data=1632  
Finished: 0 information, 1 warning and 0 error messages.
FromELF: creating hex file...
".\Objects\LED1.axf" - 0 Error(s), 1 Warning(s).

<h2>Collection of Component include folders:</h2>
  D:\0liuchengfeiWorkSpace\IFELSE\实验\库函数实验\LED1\Project\STM32L476RG-Nucleo\Keil5\RTE
  C:\Keil_v5\ARM\PACK\Keil\STM32L4xx_DFP\1.2.0

<h2>Collection of Component Files used:</h2>
</pre>
</body>
</html>
